 03_CHEXA20_0000.out
************************************************************************
**                                                                    **
**                                                                    **
**                        OpenRadioss Starter                         **
**                                                                    **
**            Non-linear Finite Element Analysis Software             **
**                                                                    **
**                                                                    **
**                                                                    **
**                  Windows 64 bits, Intel compiler                   **
**                      Double Precision Version                      **
**                                                                    **
**                                                                    **
**                                                                    **
************************************************************************
** OpenRadioss Software                                               **
** COPYRIGHT (C) 2026 Siemens                                         **
** Licensed under GNU Affero General Public License.                  **
** See License file.                                                  **
************************************************************************
 
  
 COMPUTATION HARDWARE DESCRIPTION
  
 HOSTNAME     CPU TYPE, FREQUENCY AND MEMORY
 DONGCR1-N   AMD Ryzen Threadripper PRO 5945WX 12-Cores      (x86_64), 4100 MHz, 104359 MB RAM, 139116 MB swap
  
 STACKSIZE  . . . . . . . . . . . . . . . . . . . . 1430 MB
 THREAD STACKSIZE . . . . . . . . . . . . . . . . . 400 MB
 
************************************************************************


************************************************************************
* INPUT READING PROCESS
************************************************************************

WARNING ID : 100214
** WARNING IN INPUT OPTIONS
DESCRIPTION :  
-- BLOCK: /BCS/400000
-- LINE: 111111         0    400000
unsupported field exists
SOLUTION :     
    Please check input format and fields description defined in the Reference Guide.

 -NO SYNTAX ERROR DETECTED DURING INPUT READING PROCESS




************************************************************************



    UNIT SYSTEMS DEFINITION     
    -----------------------     

                                                          MASS                LENGTH              TIME
    WORK UNIT SYSTEM . . . . . . ( kg , mm , ms  ) 1.0000000000000E+00 1.0000000000000E-03 1.0000000000000E-03
    INPUT UNIT SYSTEM  . . . . . ( kg , mm , ms  ) 1.0000000000000E+00 1.0000000000000E-03 1.0000000000000E-03
03_CHEXA20 Converted from Nastran BDF


    CONTROL  PARAMETERS                                                                  
    -------------------                                                                  

    IPRI  : PRINTOUT FLAG . . . . . . . . . . . . . . . .         0
    INVERS: MANUAL VERSION OF THIS INPUT DECK . . . . . .      2023
    NSUBS:   NUMBER OF SUBSETS. . . . . . . . . . . . . .         1
    NPART:   NUMBER OF PARTS. . . . . . . . . . . . . . .         1
    NUMMAT: NUMBER OF MATERIALS . . . . . . . . . . . . .         1
    NUMGEO: NUMBER OF PROPERTY SETS . . . . . . . . . . .         1
    NUMNOD: NUMBER OF NODAL POINTS. . . . . . . . . . . .        20
    NUMSKW: NUMBER OF SKEW REFERENCE FRAMES . . . . . . .         0
    NUMBCS: NUMBER OF BOUNDARY CONDITIONS . . . . . . . .         1
    NUMFRAM: NUMBER OF REFERENCE FRAMES . . . . . . . . .         0
    NUMELQ: NUMBER OF 2D QUAD ELEMENTS. . . . . . . . . .         0
    NUMELT3 : NUMBER OF 2D TRIA ELEMENTS. . . . . . . . .         0
    NUMELS: NUMBER OF 3D SOLID ELEMENTS . . . . . . . . .         1
    NUMELC: NUMBER OF 3D SHELL ELEMENTS (4-NODES) . . . .         0
    NUMELT: NUMBER OF 3D TRUSS ELEMENTS . . . . . . . . .         0
    NUMELP: NUMBER OF 3D BEAM  ELEMENTS . . . . . . . . .         0
    NUMELR: NUMBER OF 3D SPRING ELEMENTS. . . . . . . . .         0
    NUMELTG: NUMBER OF 3D SHELL ELEMENTS (3-NODES). . . .         0
    NUMELX: NUMBER OF MULTIPURPOSE ELEMENTS . . . . . . .         0
    NUMELIG3D: NUMBER OF ISO-GEOMETRIC ELEMENTS . . . . .         0
    NUMSPH : NUMBER OF SMOOTH PARTICLES (SPH CELLS) . . .         0
    NSPHBCS: NUMBER OF SPH SYMMETRY CONDITIONS. . . . . .         0
    NSPHIO : NUMBER OF SPH INLET/OUTLET CONDITIONS. . . .         0

    NFUNCT: NUMBER OF USER'S FUNCTIONS . . . . . . . . .          0
    NGRAV:  NUMBER OF GRAVITY LOADS . . . . . . . . . . .         0
    NFUNC2D:  NUMBER OF USER 2D FUNCTIONS . . . . . . . .         0
    NINIGRV:NUMBER OF INITIAL GRAVITY LOADS . . . . . . .         0
    NCONLD: NUMBER OF CONCENTRATED LOADS. . . . . . . . .         0
    NINVEL: NUMBER OF INITIAL VELOCITIES. . . . . . . . .         0
    NPRELD: NUMBER OF PRESSURE LOADS. . . . . . . . . . .         0
    NINIMAP1D: NUMBER OF INITIAL 1D MAPPING.. . . . . . .         0
    NINIMAP2D: NUMBER OF INITIAL 2D MAPPING.. . . . . . .         0
    NUMBER OF ACCELEROMETERS. . . . . . . . . . . . . . .         0
    NUMBER OF SENSORS . . . . . . . . . . . . . . . . . .         0
    NUMBER OF GAUGES. . . . . . . . . . . . . . . . . . .         0
    NINTER: NUMBER OF INTERFACES. . . . . . . . . . . . .         0
    NRWALL: NUMBER OF RIGID WALLS . . . . . . . . . . . .         0
    NRBODY: NUMBER OF RIGID BODIES. . . . . . . . . . . .         0
    NFXBODY: NUMBER OF FLEXIBLE BODIES. . . . . . . . . .         0
    NCONX : NUMBER OF RIGID LINKS TO MADYMO BODIES. . . .         0
    NODMAS: NUMBER OF ADDED NODAL MASSES. . . . . . . . .         0
    NIMPDISP: NUMBER OF IMPOSED DISPLACEMENTS . . . . . .         0
    NIMPVEL: NUMBER OF IMPOSED VELOCITIES . . . . . . . .         0
    NIMPACC: NUMBER OF IMPOSED ACCELERATIONS . . . . . .          0
    NRIVET: NUMBER OF RIVETS OR SPOT WELDS. . . . . . . .         0
    NSECT : NUMBER OF SECTIONS SAVED (TIME HISTORY PLOTS)         0
    NJOINT: NUMBER OF JOINTS. . . . . . . . . . . . . . .         0
    NACTIV: NUMBER OF ELEMENT DEACTIVATION GROUPS . . . .         0
    NDAMP:  NUMBER OF RAYLEIGH DAMPING GROUPS . . . . . .         0
    NGJOINT: NUMBER OF GEAR TYPE JOINTS . . . . . . . . .         0
    NUMMPC: NUMBER OF MULTI-POINT CONSTRAINTS . . . . . .         0
    NR2RLNK: NUMBER OF EXTERNAL COUPLING LINKS . . . . .          0
    NSUBDOM: NUMBER OF SUBDOMAINS . . . . . .. . . . . .          0
    NVOLU:  NUMBER OF MONITORED VOLUMES . . . . . . . . .         0
    NEIG:   NUMBER OF EIGEN AND STATIC MODES PROBLEMS . .         0
    NBEM:   NUMBER OF BEM SOLVED PROBLEMS . . . . . . . .         0
    NRBE2:  NUMBER OF RBE2 RIGID ELEMENTS . . . . . . . .         0
    NRBE3:  NUMBER OF RBE3 CONSTRAINT ELEMENTS  . . . . .         0
    INITIAL STRESS FILE =
                                          FLAG ISIGI. . .         0


    N2D3D : ANALYSIS TYPE: 0=3D,1=AXISYM,2=PLANE STRAIN .         0


    ANALYSIS OPTIONS
    ----------------

    INTEG8 : 8 GAUSS POINT CONDENSED INTEGRATION . . . . .         0
    IPARITH: PARALLEL ARITHMETIC FLAG (2 OFF, 1 0N). . . .         1
    IUSERW : GENERAL USER WINDOW FLAG. . . . . . . . . . .         0
    ISOLID : DEFAULT BRICK FORMULATION FLAG. . . . . . . .         1
    ITET4  : DEFAULT TETRA4 FORMULATION FLAG . . . . . . .         0
    ITET10 : DEFAULT TETRA10 FORMULATION FLAG. . . . . . .      1000
    ISMSTR : DEFAULT BRICK SMALL STRAIN FLAG . . . . . . .         0
    ICPRE  : DEFAULT SOLID CONSTANT PRESSURE FLAG. . . . .         0
    ISHELL : DEFAULT SHELL FORMULATION FLAG. . . . . . . .         1
    ISST   : DEFAULT SHELL SMALL STRAIN FLAG . . . . . . .         0
    ITHK   : DEFAULT SHELL THICKNESS VARIATION FLAG. . . .         0
    IPLA   : DEFAULT PLANE STRESS PLASTICITY FLAG. . . . .         0
    ISTR   : DEFAULT SHELL STRAIN COMPUTATION FLAG . . . .         1
    ISHEA  : DEFAULT SHELL SHEAR COMPUTATION FLAG. . . . .         0
    INSH   : SHELL INERTIA FLAG. . . . . . . . . . . . . .         0
    ISH3N  : DEFAULT 3 NODE SHELL FORMULATION FLAG . . . .         2
    NPTS   : SHELL PROPERTIES DEFAULT NUMBER OF           
             INTEGRATION POINTS OR LAYERS. . . . . . . . .        -1
    IFRAME : DEFAULT SOLID FRAME FORMULATION FLAG . . . .          1
    IOFFSET: DEFAULT SHELL OFFSET FLAG. . . . . . . . . .          0
    ICONTROL:DEFAULT SOLID DISTORTION CONTROL FLAG. . . .          0
    ISHFRAM: LOCAL SHELL FRAME DEFINITION. . . . . . . . .         0


    LAGRANGE MULTIPLIER OPTIONS
    ---------------------------
    LAGM_TOL:CONVERGENCE CRITERION. . . . . . . . . . . . 1.0000000000000E-11


    NODAL MASS DISTRIBUTION FLAG . . . . . . . . .         0


    SPEED PARAMETERS  
    ----------------  

    STARTER RUNNING ON. . . . . . . . . . . . . . . . . .         4 THREADS             
    NUMBER OF SPMD DOMAINS. . . . . . . . . . . . . . . .         3
    NUMBER OF THREADS PER DOMAIN. . . . . . . . . . . . .         4
    ARCHITECTURE OPTIMIZATION . . . . . . . . . . . . . .        22, win64               
    SIZE OF ELEMENT BUFFER. . . . . . . . . . . . . . . .       128
 
    INFO : NUMBER OF SPMD DOMAIN AND THREADS DEFINED IN COMMAND LINE
           /SPMD CARD PARAMETER ARE IGNORED


    MATERIAL LAWS
    -------------
    NUMBER OF MATERIALS. . . . . . . . . =         1


     MAT1_1
     MATERIAL NUMBER . . . . . . . . . . . .=         1
     MATERIAL LAW. . . . . . . . . . . . . .=         1

       ELASTIC MATERIAL (/MAT/LAW01)
       -----------------------------
     INITIAL DENSITY . . . . . . . . . . . .= 1.0000000000000E-06

     YOUNG'S MODULUS . . . . . . . . . . . .=  0.3000E+07
     POISSON'S RATIO . . . . . . . . . . . .=  0.3000E+00
     SHEAR MODULUS . . . . . . . . . . . . .=  0.1154E+07




         PROPERTY SETS
         -------------


PSOLID_1                                
     STANDARD SOLID PROPERTY SET
     PROPERTY SET NUMBER . . . . . . . . . .=         1
     SOLID FORMULATION FLAG. . . . . . . . .=         2
     SMALL STRAIN FLAG . . . . . . . . . . .=         2
     IALE FLAG (0:LAGRANGE,1:ALE,2:EULER). .=         0
     SOLID STRESS PLASTICITY FLAG. . . . . .=         2
     COROTATIONAL SYSTEM FLAG. . . . . . . .=         2
     TETRA4 FORMULATION FLAG. . . . .  . . .=         0
     TETRA10 FORMULATION FLAG . . . .  . . .=      1000
     CONSTANT PRESSURE FLAG. . . . . . . . .=         0
     CONSTANT STRESS FLAG. . . . . . . . . .=         0
     HOURGLASS NUMERICAL DAMPING . . . . . .=  0.000000000000    
     DEFAULT VALUE FOR QUADRATIC BULK. . . . 
          VISCOSITY (QA) WILL BE USED. . . .=  1.100000000000    
     EXCEPT IN CASE LAW 70 QA = 0.     
     DEFAULT VALUE FOR LINEAR BULK . . . . . 
          VISCOSITY (QB) WILL BE USED . . . = 5.0000000000000E-02
     EXCEPT IN CASE LAW 70  QB = 0.     
     HOURGLASS VISCOSITY . . . . . . . . . .= 0.1000000000000    
     NUMERICAL NAVIER STOKES VISCO. LAMBDA .=  0.000000000000    
     NUMERICAL NAVIER STOKES VISCOSITY MU. .=  0.000000000000    
     BRICK MINIMUM TIME STEP................=  0.000000000000    
     POST PROCESSING STRAIN FLAG . . . . . .=         1
     SOLID DISTORTION CONTROL FLAG . . . . .=         0

     NUMBER OF INTEGRATION POINTS. .  . .  .=         1



       PARTS
       -----



PART:         1,BDF_PART_1_BRICK
----
     PROPERTY    :         1 (TYPE 14),PSOLID_1
     MATERIAL    :         1 (LAW  01),MAT1_1
     SUBSET      :         0
     FRAMEWORK   :         LAGRANGE


       HIERARCHICAL SUBSET ORGANIZATION
       --------------------------------


  
  
 SUBSET:         0,GLOBAL MODEL                                                                                                     
 ~~~~~~
  |
  |________Part(s):         1,BDF_PART_1_BRICK                        

     BOUNDARY CONDITIONS                                                                 
     -------------------                                                                 
       NODE  TRANS. ROTAT.         SKEW

  
 SPMD IS CHECKING FOR ELEMENT DELETION IN : 
 03_CHEXA20_0001.rad                                                                                          
 
 DOMAIN DECOMPOSITION USING MULTILEVEL KWAY
 ------------------------------------------
 DOMAIN DECOMPOSITION OPTIMIZED FOR PARALLEL ARITHMETIC ON
 DOMAIN DECOMPOSITION : OPTIMIZED FOR BROADWELL PROCESSOR
** INFO: SIMPLIFIED DOMAIN DECOMPOSITION



 BRICK GROUP         1 VECTORIZATION CODE =    0


PART MASS & INERTIA
-------------------


PART :          1, BDF_PART_1_BRICK
            Mass             Ixx             Iyy             Izz             Ixy             Iyz             Izx
  1.00000000E-03  5.00000000E-02  5.00000000E-02  5.00000000E-02  0.00000000E+00  0.00000000E+00  0.00000000E+00
               X               Y               Z     Kin. Energy              Vx              Vy              Vz
  5.00000000E+00  5.00000000E+00  5.00000000E+00  0.00000000E+00  0.00000000E+00  0.00000000E+00  0.00000000E+00


PART ELEMENT/MATERIAL PARAMETER REVIEW:
-----------------------

Part id,name:         1 BDF_PART_1_BRICK       Mat type:   1 Elm type: SOLID-HEXA             
----
  Isolid  Ismstr   Icpre  Iframe    IHKT Itetra4 Itetra10 IMATVIS ICONTROL
       0       2       3       2       0       0       0       0       0
--      qa        qb   lamda_v      mu_v         h        dn
    1.1000    0.0500    0.0000    0.0000    0.1000    0.0000



     TOTAL MASS AND MASS CENTER
     --------------------------
                     MASS                    X                    Y                    Z

      1.0000000000000E-03   5.000000000000       5.000000000000       5.000000000000    


     TOTAL INERTIA
     -------------
                      IXX                  IYY                  IZZ                  IXY                  IYZ                  IZX
      5.0000000000000E-02  5.0000000000000E-02  5.0000000000000E-02   0.000000000000       0.000000000000       0.000000000000    



      ADDED NODAL NON-STRUCTURAL MASSES 
     -----------------------------------

      TOTAL ADDED MASS =   0.000000000000    




     TOTAL ADDED NON-STRUCTURAL INERTIA
     ------------------

      TOTAL ADDED INERTIA =   0.000000000000    




         SOLID ELEMENTS TIME STEP
         ------------------------

      TIME STEP       ELEMENT NUMBER
  4.7335431236589E-06              1


         NODAL TIME STEP (estimation)
         ---------------

      TIME STEP       NODE NUMBER
  4.7335431236589E-06              6
  4.7335431236589E-06              2
  4.7335431236589E-06              1
  4.7335431236589E-06              8
  4.7335431236589E-06              7
  4.7335431236589E-06              5
  4.7335431236589E-06              4
  4.7335431236589E-06              3
  1.0000000000000E+30             15
  1.0000000000000E+30             19
  1.0000000000000E+30             18
  1.0000000000000E+30             17
  1.0000000000000E+30             16
  1.0000000000000E+30             10
  1.0000000000000E+30             14
  1.0000000000000E+30             13
  1.0000000000000E+30             12
  1.0000000000000E+30             11
  1.0000000000000E+30              9
  1.0000000000000E+30             20


         NODAL TIME STEP DISTRIBUTION 
         ----------------------------


            % OF NODES
                   ^
                   |                                                            
          40.000 --|                            #                               
                   |                            #                               
                   |                            #                               
                   |                            #                               
                   |                            #                               
                   |                            #                               
                   |                            #                               
                   |                            #                               
                   |                            #                               
                   |                            #                               
                   |                            #                               
                   |                            #                               
                   |                            #                               
                   |                            #                               
                   |                            #                               
                   |                            #                               
                   |                            #                               
                   |                            #                               
                   |                            #                               
                   |                            #                               
                   |                            #                               
                   |                            #                               
           0.000 --|#                           #                            #  
                    -------------------------------------------------------------> NODAL TIME STEP
                    |                                                          |
                4.734E-06                                                  4.734E-06
  
  


     INITIAL ADDED MASS ESTIMATION for /DT/NODA/CST
     ----------------------------------------------


            DM/M - at first cycle - scaling factor = 0.9
                   ^
                   |                                                            
           0.100 --|                                                          * 
                   |                                                            
                   |                                                      *     
                   |                                                   *        
                   |                                                *           
                   |                                             *              
                   |                                                            
                   |                                          *                 
                   |                                       *                    
                   |                                    *                       
                   |                                 *                          
                   |                              *                             
                   |                                                            
                   |                           *                                
                   |                        *                                   
                   |                     *                                      
                   |                 *                                          
                   |              *                                             
                   |                                                            
                   |           *                                                
                   |        *                                                   
                   |     *                                                      
           0.005 --|* *                                                         
                    -------------------------------------------------------------> TARGET TIME STEP
                    |                                                          |
                4.271E-06                                                  4.468E-06
  
  
              DM/M at first cycle          |  Target time step - scaling factor = 0.9  |  Target time step - scaling factor = 0.67
    -------------------------------------  |  ---------------------------------------  |  ---------------------------------------
                 1.000E-02                 |                 4.281E-06                 |                 3.187E-06
                 2.000E-02                 |                 4.303E-06                 |                 3.203E-06
                 3.000E-02                 |                 4.324E-06                 |                 3.219E-06
                 4.000E-02                 |                 4.345E-06                 |                 3.234E-06
                 5.000E-02                 |                 4.365E-06                 |                 3.250E-06


    WARNING : These added mass estimations are valid at first cycle only.
    Because of element deformation or contacts the added mass can increase during the run


 SUMMARY OF POSSIBLE INCOMPATIBLE KINEMATIC CONDITIONS :
 -----------------------------------------------------
                                  
 NO TRUE INCOMPATIBLE KINEMATIC CONDITION

 
    STARTER STORAGE 
    --------------- 
 
    STARTER MEMORY USAGE        179 MB

 
 
 STATISTICS ON DOMAIN DECOMPOSITION 
 ---------------------------------- 
 
AVERAGE NB. OF BOUNDARY NODES :     0
STANDARD DEVIATION            :     0
 
AVERAGE NUMBER OF LOCAL NODES :       7
STANDARD DEVIATION            :       4
 
 PROC    NB OF ELTS    NB OF BOUND. NODES    NB OF BOUND. PROCS
    1             1                     0                     0
    2             0                     0                     0
    3             0                     0                     0
 
 DOMAIN DECOMPOSITION SUMMARY FOR SPMD PROCESSOR   1
 ----------------------------------------------------
 NUMBER OF NODES................. :          12
 NUMBER OF SOLID ELEMENTS........ :           1
 TOTAL NUMBER OF NODES FOR COMM.. :           0
 

     LOCAL ENGINE STORAGE EVALUATION FOR SPMD PROCESSOR     1
     --------------------------------------------------------
        RESTART FILE SIZE         0 MB
 
 DOMAIN DECOMPOSITION SUMMARY FOR SPMD PROCESSOR   2
 ----------------------------------------------------
 NUMBER OF NODES................. :           4
 NUMBER OF SOLID ELEMENTS........ :           0
 TOTAL NUMBER OF NODES FOR COMM.. :           0
 

     LOCAL ENGINE STORAGE EVALUATION FOR SPMD PROCESSOR     2
     --------------------------------------------------------
        RESTART FILE SIZE         0 MB
 
 DOMAIN DECOMPOSITION SUMMARY FOR SPMD PROCESSOR   3
 ----------------------------------------------------
 NUMBER OF NODES................. :           4
 NUMBER OF SOLID ELEMENTS........ :           0
 TOTAL NUMBER OF NODES FOR COMM.. :           0
 

     LOCAL ENGINE STORAGE EVALUATION FOR SPMD PROCESSOR     3
     --------------------------------------------------------
        RESTART FILE SIZE         0 MB
 

     RESTART FILES 03_CHEXA20_0000 WRITTEN
     -------------

  
------------------------------------------------------------------------
  
                   ** COMPUTE TIME INFORMATION **
  
 EXECUTION STARTED      :      2026/09/23  19:33:28
 EXECUTION COMPLETED    :      2026/09/23  19:33:29
  
 ELAPSED TIME...........=          0.94 s
                               00:00:00
  
------------------------------------------------------------------------



     TERMINATION WITH WARNING           
     ------------------                                                                  


------------------------------------------------------------------------------------------------------------------------
|            ERROR(S) SUMMARY                               |             WARNING(S) SUMMARY                           |
------------------------------------------------------------------------------------------------------------------------
|                                                           |                                                          |
|                                                           |  --- GLOBAL UNITS                           1 WARNING(S) |
|                                                           |       |                                                  |
|                                                           |       |                                                  |
|                                                           |       |---     1 WARNING ID :       100214               |
|                                                           |       | ** WARNING IN INPUT OPTIONS                      |
|                                                           |       |                                                  |
|                                                           |                                                          |
|                                                           |                                                          |
------------------------------------------------------------------------------------------------------------------------




              0 ERROR(S)            
              1 WARNING(S)          


