 10_RBE2_0001.out
************************************************************************
**                                                                    **
**                                                                    **
**                         OpenRadioss Engine                         **
**                                                                    **
**            Non-linear Finite Element Analysis Software             **
**                                                                    **
**                                                                    **
**                                                                    **
**             Windows 64 bits, Intel compiler, Intel MPI             **
**                      Double Precision Version                      **
**                                                                    **
**                                                                    **
**                                                                    **
************************************************************************
** OpenRadioss Software                                               **
** COPYRIGHT (C) 2026 Siemens                                         **
** Licensed under GNU Affero General Public License.                  **
** See License file.                                                  **
************************************************************************
 
 NUMBER OF SPMD DOMAINS           3
 NUMBER OF THREADS PER DOMAIN     4
 NUMBER OF HMPP PROCESSES        12
  
 COMPUTATION HARDWARE DESCRIPTION
  
 CPU#  HOSTNAME     CPU TYPE, FREQUENCY AND MEMORY
   1   DONGCR1-N   AMD Ryzen Threadripper PRO 5945WX 12-Cores      (x86_64), 4100 MHz, 104100 MB RAM, 139116 MB swap
   2   DONGCR1-N   AMD Ryzen Threadripper PRO 5945WX 12-Cores      (x86_64), 4100 MHz, 104100 MB RAM, 139116 MB swap
   3   DONGCR1-N   AMD Ryzen Threadripper PRO 5945WX 12-Cores      (x86_64), 4100 MHz, 104100 MB RAM, 139116 MB swap
  
 STACKSIZE  . . . . . . . . . . . . . . . . . . . . 1430 MB
 THREAD STACKSIZE . . . . . . . . . . . . . . . . . 400 MB
 
************************************************************************


 10_RBE2D0110_RBE2 Converted from Nastran BDF                                    


 FINAL TIME . . . . . . . . . . . . . . . . . . .   0.000000    

 TIME INTERVAL FOR TIME HISTORY PLOTS . . . . . .  0.1000000    

 TIME STEP SCALE FACTOR . . . . . . . . . . . . .  0.9000000    

 MINIMUM TIME STEP  . . . . . . . . . . . . . . .   0.000000    


 BRICK TIME STEP SCALE FACTOR . . . . . . . . . .  0.9000000    
 BRICK MINIMUM TIME STEP. . . . . . . . . . . . .   0.000000    
 MIN. TIME STEP FLAG (1:STOP RUN, 2:DELETE BRICK)     1

 QUAD TIME STEP SCALE FACTOR. . . . . . . . . . .  0.9000000    
 QUAD MINIMUM TIME STEP . . . . . . . . . . . . .   0.000000    
 MIN. TIME STEP FLAG (1:STOP RUN, 2:DELETE QUAD).     1

 SHELL TIME STEP SCALE FACTOR . . . . . . . . . .  0.9000000    
 SHELL MINIMUM TIME STEP. . . . . . . . . . . . .   0.000000    
 MIN. TIME FLAG (1:STOP, 2:DELETE, 3:SMALL STRAIN)    2

 TRUSS TIME STEP SCALE FACTOR . . . . . . . . . .  0.9000000    
 TRUSS MINIMUM TIME STEP. . . . . . . . . . . . .   0.000000    
 MIN. TIME FLAG (1:STOP, 2:DELETE). . . . . . . .     0

 BEAM TIME STEP SCALE FACTOR. . . . . . . . . . .  0.9000000    
 BEAM MINIMUM TIME STEP . . . . . . . . . . . . .   0.000000    
 MIN. TIME FLAG (1:STOP, 2:DELETE). . . . . . . .     0

 SPRING TIME STEP SCALE FACTOR. . . . . . . . . .  0.9000000    
 SPRING MINIMUM TIME STEP . . . . . . . . . . . .   0.000000    
 MIN. TIME FLAG (1:STOP, 2:DELETE). . . . . . . .     0

 AIRBAG TIME STEP SCALE FACTOR. . . . . . . . . .  0.9000000    
 AIRBAG MINIMUM TIME STEP . . . . . . . . . . . .   0.000000    
 MIN. TIME FLAG (1:STOP). . . . . . . . . . . . .     0

 CONTACT TIME STEP SCALE FACTOR . . . . . . . . .  0.9000000    
 CONTACT MINIMUM TIME STEP. . . . . . . . . . . .   0.000000    
 MIN. TIME FLAG(1:STOP, 2:REMOVE NODE FROM INTERF)    0

 PRINTOUT CYCLE FREQUENCY . . . . . . . . . . . .    -1

 RESTART CYCLE FREQUENCY. . . . . . . . . . . . .     100000

 MAXIMUM RESTART WRITE BEFORE OVERWRITE . . . . .     0

 INVERS: INPUT DECK VERSION . . . . . . . . . . .  2023
 ITTYP : FLAG FOR TYPE OF T-FILE. . . . . . . . .     4

 INITIAL TIME STEP. . . . . . . . . . . . . . . .   0.000000    
 MAXIMUM TIME STEP. . . . . . . . . . . . . . . .  0.1000000E+21

 PARALLEL ARITHMETIC ON
 NUMBER OF INTERFACES TO BE ELIMINATED. . . . . .        0

 NUMBER OF PARTS TO BE ELIMINATED . . . . . . . .        0

 NUMBER OF SOLID  ELEMENT BLOCKS TO BE ELIMINATED        0

 NUMBER OF QUAD   ELEMENT BLOCKS TO BE ELIMINATED        0

 NUMBER OF SHELL  ELEMENT BLOCKS TO BE ELIMINATED        0

 NUMBER OF TRUSS  ELEMENT BLOCKS TO BE ELIMINATED        0

 NUMBER OF BEAM   ELEMENT BLOCKS TO BE ELIMINATED        0

 NUMBER OF SPRING ELEMENT BLOCKS TO BE ELIMINATED        0

 NUMBER OF SH_3N  ELEMENT BLOCKS TO BE ELIMINATED        0

 NUMBER OF  SPH PARTICLES BLOCKS TO BE ELIMINATED        0

 NUMBER OF RIGID LINKS. . . . . . . . . . . . . .        0

 NUMBER OF NEW BOUNDARY CONDITIONS. . . . . . . .        0


 TIME FOR FIRST ANIMATION-FILE PLOT . . . . . . .   0.000000    
 TIME INTERVAL FOR ANIMATION-FILE PLOTS . . . . .   2.000000    
 TIME TO STOP ANIMATION-FILE PLOTS. . . . . . . .  0.1000000E+21
 SENSOR FOR ANIMATION-FILE PLOTS. . . . . . . . .          0
 TIME INTERVAL FOR SENSOR ANIMATION-FILE PLOTS. .   0.000000    

 VARIABLE SAVED ON ANIMATION FILES (1: YES) :
      PLASTIC STRAIN. . . . . .     0
      DENSITY     (SOLID ONLY).     0
      SPECIFIC ENERGY . . . . .     0
      HOURGLASS ENERGY. . . . .     0
      TEMPERATURE (SOLID ONLY).     0
      THICKNESS   (SHELL ONLY).     0
      PRESSURE    (SOLID ONLY).     0
      VON MISES . . . . . . . .     0
      TURBULENT ENERGY (FLUID).     0
      TURBULENT VISCOSITY(FLUID)    0
      VORTICITY (FLUID) . . . .     0
 NODAL VALUES SAVED ON ANIMATION FILES (1: YES) :
      PRESSURE. . . . . . . . .     0
      DENSITY . . . . . . . . .     0
      TEMPERATURE . . . . . . .     0
 VECTOR SAVED ON ANIMATION FILES (1: YES) :
      VELOCITY VECTOR . . . . .     0
      DISPLACEMENT VECTOR . . .     0
      ACCELERATION VECTOR . . .     0
      CONTACT FORCES. . . . . .     0
      INTERNAL FORCES . . . . .     0
      EXTERNAL FORCES . . . . .     0
      SECTION RBY RWALL FORCES.     0
      ROTATIONAL VELOCITY VECTOR    0
      CONTACT PRESSURE (VECTORS)    0
 SHELL TENSOR SAVED ON ANIMATION FILES (1: YES) :
      MEMBRANE STRESS . . . . .     0
      BENDING STRESS(MOMENT/T^2)    0
      UPPER LAYER STRESS. . . .     0
      LOWER LAYER STRESS. . . .     0
      MEMBRANE STRAIN . . . . .     0
      CURVATURE . . . . . . . .     0
      UPPER LAYER STRAIN. . . .     0
      LOWER LAYER STRAIN. . . .     0
 NODAL MASS SAVED ON ANIMATION FILES (1: YES) :    1
 KEEP DELETED ELEMENT (1: YES) :    0


 23/09/2026
   CYCLE    TIME      TIME-STEP  ELEMENT          ERROR  I-ENERGY    K-ENERGY T  K-ENERGY R  EXT-WORK     MAS.ERR     TOTAL MASS  MASS ADDED
       0   0.000      0.1000E+07 FIXED          0   0.0%   0.000       0.000       0.000       0.000       0.000       0.000       0.000    
     ANIMATION FILE: 10_RBE2A001 WRITTEN

     RESTART FILES: 10_RBE2_0001_[0001-0003].rst WRITTEN
     -------------

  
                           ** CPU USER TIME **
  
  
                        ** SUMMARY **
  
 #PROC  ELEMENT   KINCOND   INTEG     IO        T0        ASM       RESOL    
   1   .0000E+00 .0000E+00 .0000E+00 .6250E-01 .0000E+00 .0000E+00 .6250E-01
   2   .0000E+00 .0000E+00 .0000E+00 .4688E-01 .0000E+00 .0000E+00 .4688E-01
   3   .0000E+00 .0000E+00 .0000E+00 .4688E-01 .0000E+00 .0000E+00 .4688E-01
  
                 ** SPMD COM. TIME **
  
 #PROC  FORCES    RBYFOR    RBYVEL    VEL       TOT       %        
   1   .0000E+00 .0000E+00 .0000E+00 .0000E+00 .0000E+00 .0000E+00
   2   .0000E+00 .0000E+00 .0000E+00 .0000E+00 .0000E+00 .0000E+00
   3   .0000E+00 .0000E+00 .0000E+00 .0000E+00 .0000E+00 .0000E+00
  
 
                   ** CUMULATIVE CPU TIME SUMMARY **
  
 CONTACT SORTING.............: .0000E+00     0.00 % 
 CONTACT FORCES..............: .0000E+00     0.00 % 
 ELEMENT FORCES..............: .0000E+00     0.00 % 
 KINEMATIC COND..............: .0000E+00     0.00 % 
 INTEGRATION.................: .0000E+00     0.00 % 
 ASSEMBLING..................: .0000E+00     0.00 % 
 OTHERS (including I/O)......: .1562E+00   100.00 % 
 TOTAL.......................: .1562E+00   100.00 % 
  
  
                           ** ELAPSED TIME **
  
  
                        ** SUMMARY **
  
 #PROC  ELEMENT   KINCOND   INTEG     IO        T0        ASM       RESOL    
   1   .1420E-03 .2828E-03 .0000E+00 .8241E-02 .2237E-02 .9340E-04 .1235E-01
   2   .4013E-03 .6930E-04 .0000E+00 .8326E-02 .2238E-02 .4410E-04 .1405E-01
   3   .4410E-03 .2790E-04 .0000E+00 .8648E-02 .2241E-02 .5190E-04 .1437E-01
  
        ELEMENT   KINCOND   INTEG     IO        T0        ASM       RESOL    
 MIN   .1420E-03 .2790E-04 .0000E+00 .8241E-02 .2237E-02 .4410E-04 .1235E-01
 MAX   .4410E-03 .2828E-03 .0000E+00 .8648E-02 .2241E-02 .9340E-04 .1437E-01
 AVG   .3281E-03 .1267E-03 .0000E+00 .8405E-02 .2239E-02 .6313E-04 .1359E-01
  
                 ** SPMD COM. TIME **
  
 #PROC  FORCES    RBYFOR    RBYVEL    VEL       TOT       %        
   1   .1570E-04 .0000E+00 .0000E+00 .2000E-04 .3570E-04 .2891E+00
   2   .1160E-04 .0000E+00 .0000E+00 .2150E-04 .3310E-04 .2356E+00
   3   .1280E-04 .0000E+00 .0000E+00 .2600E-04 .3880E-04 .2700E+00
  
        FORCES    RBYFOR    RBYVEL    VEL       TOT       %        
 MIN   .1160E-04 .0000E+00 .0000E+00 .2000E-04 .3310E-04 .2356E+00
 MAX   .1570E-04 .0000E+00 .0000E+00 .2600E-04 .3880E-04 .2891E+00
 AVG   .1337E-04 .0000E+00 .0000E+00 .2250E-04 .3587E-04 .2649E+00
  
                   ** MEMORY USAGE STATISTICS **
  
 TOTAL MEMORY USED .........................:      244 MB
 MAXIMUM MEMORY PER PROCESSOR...............:       82 MB
 MINIMUM MEMORY PER PROCESSOR...............:       81 MB
 AVERAGE MEMORY PER PROCESSOR...............:       81 MB
  
                   ** DISK USAGE STATISTICS **
  
 TOTAL DISK SPACE USED .....................:          0 MB
 ANIMATION/H3D/TH/OUTP SIZE ................:          0 MB
 RESTART FILE SIZE .........................:          0 MB
  
                   ** COMPUTE TIME INFORMATION **
                        ** CURRENT ENGINE **
  
 EXECUTION STARTED .........................:      2026/09/23  20:10:54
 EXECUTION COMPLETED .......................:      2026/09/23  20:10:54
  
 ELAPSED TIME     =          0.38 s
                          0:00:00
 ESTIMATED SPEEDUP=          0.42



     NORMAL TERMINATION      



     TOTAL NUMBER OF CYCLES  :       1

  
                   ** COMPUTE RUNTIME INFORMATION SUMMARY **
  
        STARTER RUNTIME =          0.85s (00:00:00)
 # 001   ENGINE RUNTIME =          0.38s (00:00:00)
 ------------------------------ 
 STARTER+ENGINE RUNTIME =          1.23s (00:00:01)
  
